// Jest Snapshot v1, https://goo.gl/fbAQLP

exports[`TermSelect Multiple 1`] = `
<div
  className="components-base-control"
>
  <div
    className="components-base-control__field"
  >
    <label
      className="components-base-control__label"
      htmlFor="inspector-select-control-0"
    >
      Terms
    </label>
    <select
      className="components-select-control__input"
      id="inspector-select-control-0"
      multiple={true}
      onChange={[Function]}
      value={
        Array [
          2232,
        ]
      }
    >
      <option
        value=""
      >
        All
      </option>
      <option
        value={2232}
      >
        term1
      </option>
      <option
        value={2245}
      >
           term2
      </option>
      <option
        value={2246}
      >
           term4
      </option>
      <option
        value={2249}
      >
        term3
      </option>
    </select>
  </div>
</div>
`;
